08-27 13:51:22.338 I/ActivityManager( 1782): Start proc com.example.testactivity for activity com.example.testactivity/.MainActivity: pid=10478 uid=10078 gids={50078, 1028, 1015}
08-27 13:51:22.388 V/PhoneStatusBar( 1925): setLightsOn(true)
08-27 13:51:22.478 I/ActivityManager( 1782): Displayed com.example.testactivity/.MainActivity: +150ms
08-27 13:51:22.478 D/DecodeActivity(10478): mime = video/avc
08-27 13:51:22.478 D/DecodeActivity(10478): mime = video/avc
08-27 13:51:22.478 D/DecodeActivity(10478): mime = audio/mp4a-latm
08-27 13:51:22.488 I/OMXClient(10478): Using client-side OMX mux.
08-27 13:51:22.488 D/omx_vdec( 1339): (f:omx_vdec, l:225) 
08-27 13:51:22.488 D/omx_vdec( 1339): Calling process is: com.example.testactivity
08-27 13:51:22.498 E/OMXNodeInstance( 1339): OMX_GetExtensionIndex OMX.google.android.index.storeMetaDataInBuffers failed
08-27 13:51:22.498 E/ACodec  (10478): [OMX.allwinner.video.decoder.avc] storeMetaDataInBuffers failed w/ err -2147483648
08-27 13:51:22.498 W/omx_vdec( 1339): set_parameter, OMX_IndexParamPortDefinition, OutPortDef : change nBufferSize[38016] to [3110400] to suit frame width[1920] and height[1080]
08-27 13:51:22.498 D/DecodeActivity(10478): MediaFormat format = {max-input-size=108742, durationUs=7784000, csd-1=java.nio.ByteArrayBuffer[position=0,limit=8,capacity=8], height=1080, mime=video/avc, csd-0=java.nio.ByteArrayBuffer[position=0,limit=15,capacity=15], width=1920}
08-27 13:51:22.498 D/omx_vdec( 1339):  set state command, cmd = 0, cmddata = 2.
08-27 13:51:22.498 I/OMXClient(10478): Using client-side OMX mux.
08-27 13:51:22.498 D/omx_vdec( 1339): (f:ComponentThread, l:2284) wait for OMX_VdrvCommand_PrepareVdecLib
08-27 13:51:22.498 D/omx_vdec( 1339): (f:ComponentVdrvThread, l:3107) vdrvThread receive cmd[0x0]
08-27 13:51:22.498 D/omx_vdec( 1339): (f:ComponentVdrvThread, l:3111)(OMX_VdrvCommand_PrepareVdecLib)
08-27 13:51:22.508 D/omx_vdec( 1339): (f:ComponentThread, l:2286) wait for OMX_VdrvCommand_PrepareVdecLib done!
08-27 13:51:22.508 D/DecodeActivity(10478): MediaFormat format = {max-input-size=242, durationUs=7783990, channel-count=1, mime=audio/mp4a-latm, csd-0=java.nio.ByteArrayBuffer[position=0,limit=2,capacity=2], sample-rate=44100}
08-27 13:51:22.508 V/codec_audio_plan_one( 1339): in normal mode, speaker on,****LINE:72,FUNC:set_normal_path
08-27 13:51:22.508 D/DecodeActivity(10478): audioCsd0: 12
08-27 13:51:22.508 D/DecodeActivity(10478): audioCsd0: 8
08-27 13:51:22.508 D/DecodeActivity(10478): startMs = 1409118682518
08-27 13:51:22.518 D/DecodeActivity(10478): inIndex = 3, buffer.position = 0
08-27 13:51:22.518 D/DecodeActivity(10478): inIndex = 3, after: buffer.position = 0
08-27 13:51:22.518 D/DecodeActivity(10478): sampleSize=193
08-27 13:51:22.518 D/DecodeActivity(10478): queueInputBuffer: extractor.getSampleTime() = 0
08-27 13:51:22.518 D/DecodeActivity(10478): Audio: 1 28 99 fe cb 24 4a 52
08-27 13:51:22.518 D/DecodeActivity(10478): Audio: 11 12 ad 49 72 5e 73 a1
08-27 13:51:22.518 D/DecodeActivity(10478): Audio: +++++++++++++++++++++++++++++++++++++++++++++++
08-27 13:51:22.518 D/DecodeActivity(10478): inIndex = 3, after: advance = 0
08-27 13:51:22.518 I/SoftAAC2(10478): Reconfiguring decoder: 0->44100 Hz, 0->1 channels
08-27 13:51:22.528 D/DecodeActivity(10478): dequeueOutputBuffer timed out!
08-27 13:51:22.528 D/DecodeActivity(10478): inIndex = 0, buffer.position = 0
08-27 13:51:22.528 D/DecodeActivity(10478): inIndex = 0, after: buffer.position = 0
08-27 13:51:22.528 D/DecodeActivity(10478): sampleSize=191
08-27 13:51:22.528 D/DecodeActivity(10478): queueInputBuffer: extractor.getSampleTime() = 23219
08-27 13:51:22.528 D/DecodeActivity(10478): Audio: 1 26 99 fe 8b 14 2c 52
08-27 13:51:22.528 D/DecodeActivity(10478): Audio: 92 12 ce 17 2e 4c e6 c7
08-27 13:51:22.528 D/DecodeActivity(10478): Audio: +++++++++++++++++++++++++++++++++++++++++++++++
08-27 13:51:22.528 D/DecodeActivity(10478): inIndex = 0, after: advance = 0
08-27 13:51:22.528 D/DecodeActivity(10478): INFO_OUTPUT_BUFFERS_CHANGED
08-27 13:51:22.528 D/DecodeActivity(10478): inIndex = 2, buffer.position = 0
08-27 13:51:22.538 D/DecodeActivity(10478): inIndex = 2, after: buffer.position = 0
08-27 13:51:22.538 D/DecodeActivity(10478): sampleSize=194
08-27 13:51:22.538 D/DecodeActivity(10478): queueInputBuffer: extractor.getSampleTime() = 46439
08-27 13:51:22.538 D/DecodeActivity(10478): Audio: 1 26 99 fe cb 24 4c 52
08-27 13:51:22.538 D/DecodeActivity(10478): Audio: 19 12 cb be 32 e5 ef 20
08-27 13:51:22.538 D/DecodeActivity(10478): Audio: +++++++++++++++++++++++++++++++++++++++++++++++
08-27 13:51:22.538 D/DecodeActivity(10478): inIndex = 2, after: advance = 0
08-27 13:51:22.538 D/DecodeActivity(10478): INFO_OUTPUT_FORMAT_CHANGED: New format {sample-rate=44100, channel-count=1, what=1869968451, mime=audio/raw}
08-27 13:51:22.538 D/DecodeActivity(10478): inIndex = 3, buffer.position = 0
08-27 13:51:22.538 D/DecodeActivity(10478): inIndex = 3, after: buffer.position = 0
08-27 13:51:22.538 D/DecodeActivity(10478): sampleSize=192
08-27 13:51:22.538 D/DecodeActivity(10478): queueInputBuffer: extractor.getSampleTime() = 69659
08-27 13:51:22.538 D/DecodeActivity(10478): Audio: 1 24 99 fe cb 24 e0 88
08-27 13:51:22.548 D/DecodeActivity(10478): Audio: 96 5d e9 24 cc 83 4d 37
08-27 13:51:22.548 D/DecodeActivity(10478): Audio: +++++++++++++++++++++++++++++++++++++++++++++++
08-27 13:51:22.548 D/DecodeActivity(10478): inIndex = 3, after: advance = 0
08-27 13:51:22.548 D/DecodeActivity(10478): outputBuffers, buffer = java.nio.DirectByteBuffer[position=0,limit=24576,capacity=24576], outIndex = 0
08-27 13:51:22.548 D/DecodeActivity(10478): T:info.presentationTimeUs: 23219
08-27 13:51:22.548 D/DecodeActivity(10478): System.currentTimeMillis() - startMs: 33
08-27 13:51:22.548 D/DecodeActivity(10478): inIndex = 1, buffer.position = 0
08-27 13:51:22.548 D/DecodeActivity(10478): inIndex = 1, after: buffer.position = 0
08-27 13:51:22.548 D/DecodeActivity(10478): sampleSize=191
08-27 13:51:22.548 D/DecodeActivity(10478): queueInputBuffer: extractor.getSampleTime() = 92879
08-27 13:51:22.548 D/DecodeActivity(10478): Audio: 1 24 99 fe cc 14 e4 88
08-27 13:51:22.548 D/DecodeActivity(10478): Audio: 96 5d c9 25 e6 e0 74 43
08-27 13:51:22.548 D/DecodeActivity(10478): Audio: +++++++++++++++++++++++++++++++++++++++++++++++
08-27 13:51:22.548 D/DecodeActivity(10478): inIndex = 1, after: advance = 0
08-27 13:51:22.548 D/DecodeActivity(10478): startMs = 1409118682557
08-27 13:51:22.548 D/DecodeActivity(10478): outputBuffers, buffer = java.nio.DirectByteBuffer[position=0,limit=24576,capacity=24576], outIndex = 1
08-27 13:51:22.548 D/DecodeActivity(10478): T:info.presentationTimeUs: 46439
08-27 13:51:22.548 D/DecodeActivity(10478): System.currentTimeMillis() - startMs: 40
08-27 13:51:22.548 D/omx_vdec( 1339):  set state command, cmd = 0, cmddata = 3.
08-27 13:51:22.548 D/DecodeActivity(10478): info.presentationTimeUs: 46439
08-27 13:51:22.548 D/DecodeActivity(10478): System.currentTimeMillis() - startMs: 40
08-27 13:51:22.548 D/DecodeActivity(10478): sleep ---------------------------
08-27 13:51:22.558 D/DecodeActivity(10478): Video: inIndex = 0, buffer.position = 0
08-27 13:51:22.558 D/DecodeActivity(10478): Video: inIndex = 0, after: buffer.position = 0
08-27 13:51:22.558 D/DecodeActivity(10478): Video: sampleSize=108722
08-27 13:51:22.558 D/DecodeActivity(10478): Video: queueInputBuffer: extractor.getSampleTime() = 0
08-27 13:51:22.558 D/DecodeActivity(10478): Video: 0 0 0 1 65 88 84 0
08-27 13:51:22.558 D/DecodeActivity(10478): Video: 11 f1 a8 cf 1a 8c 5f 89
08-27 13:51:22.558 D/DecodeActivity(10478): Video: ===============================================
08-27 13:51:22.558 D/DecodeActivity(10478): Video: inIndex = 0, after: advance = 0
08-27 13:51:22.558 D/DecodeActivity(10478): inIndex = 0, buffer.position = 0
08-27 13:51:22.558 D/DecodeActivity(10478): inIndex = 0, after: buffer.position = 0
08-27 13:51:22.558 D/DecodeActivity(10478): sampleSize=186
08-27 13:51:22.558 D/DecodeActivity(10478): queueInputBuffer: extractor.getSampleTime() = 116099
08-27 13:51:22.568 D/DecodeActivity(10478): Audio: 1 24 99 fe cb 24 a4 c4
08-27 13:51:22.568 D/DecodeActivity(10478): Audio: b2 e5 c8 d6 65 8 23 8b
08-27 13:51:22.568 D/DecodeActivity(10478): Audio: +++++++++++++++++++++++++++++++++++++++++++++++
08-27 13:51:22.568 D/DecodeActivity(10478): inIndex = 0, after: advance = 0
08-27 13:51:22.568 D/DecodeActivity(10478): outputBuffers, buffer = java.nio.DirectByteBuffer[position=0,limit=24576,capacity=24576], outIndex = 2
08-27 13:51:22.568 D/DecodeActivity(10478): T:info.presentationTimeUs: 69659
08-27 13:51:22.568 D/DecodeActivity(10478): System.currentTimeMillis() - startMs: 53
08-27 13:51:22.568 D/DecodeActivity(10478): info.presentationTimeUs: 69659
08-27 13:51:22.568 D/DecodeActivity(10478): System.currentTimeMillis() - startMs: 53
08-27 13:51:22.568 D/DecodeActivity(10478): sleep ---------------------------
08-27 13:51:22.568 D/DecodeActivity(10478): dequeueOutputBuffer timed out!
08-27 13:51:22.568 D/DecodeActivity(10478): Video: inIndex = 1, buffer.position = 0
08-27 13:51:22.578 D/DecodeActivity(10478): Video: inIndex = 1, after: buffer.position = 0
08-27 13:51:22.578 D/DecodeActivity(10478): Video: sampleSize=58146
08-27 13:51:22.578 D/DecodeActivity(10478): Video: queueInputBuffer: extractor.getSampleTime() = 187000
08-27 13:51:22.578 D/DecodeActivity(10478): info.presentationTimeUs: 69659
08-27 13:51:22.578 D/DecodeActivity(10478): System.currentTimeMillis() - startMs: 63
08-27 13:51:22.578 D/DecodeActivity(10478): sleep ---------------------------
08-27 13:51:22.578 D/DecodeActivity(10478): Video: 0 0 0 1 41 9a 20 40
08-27 13:51:22.578 D/DecodeActivity(10478): Video: de 6f ff 73 e5 8a 0 7
08-27 13:51:22.578 D/DecodeActivity(10478): Video: ===============================================
08-27 13:51:22.578 D/DecodeActivity(10478): Video: inIndex = 1, after: advance = 0
08-27 13:51:22.588 D/DecodeActivity(10478): inIndex = 2, buffer.position = 0
08-27 13:51:22.588 D/DecodeActivity(10478): inIndex = 2, after: buffer.position = 0
08-27 13:51:22.588 D/DecodeActivity(10478): sampleSize=194
08-27 13:51:22.588 D/DecodeActivity(10478): queueInputBuffer: extractor.getSampleTime() = 139319
08-27 13:51:22.588 D/DecodeActivity(10478): Audio: 1 24 99 fe cb 34 4c 51
08-27 13:51:22.588 D/DecodeActivity(10478): dequeueOutputBuffer timed out!
08-27 13:51:22.588 D/DecodeActivity(10478): Audio: 99 12 cd 11 38 e4 f f5
08-27 13:51:22.588 D/DecodeActivity(10478): Audio: +++++++++++++++++++++++++++++++++++++++++++++++
08-27 13:51:22.588 D/DecodeActivity(10478): inIndex = 2, after: advance = 0
08-27 13:51:22.588 D/DecodeActivity(10478): Video: inIndex = 0, buffer.position = 0
08-27 13:51:22.598 D/DecodeActivity(10478): Video: inIndex = 0, after: buffer.position = 0
08-27 13:51:22.598 D/DecodeActivity(10478): Video: sampleSize=38048
08-27 13:51:22.598 D/DecodeActivity(10478): Video: queueInputBuffer: extractor.getSampleTime() = 374000
08-27 13:51:22.598 D/DecodeActivity(10478): outputBuffers, buffer = java.nio.DirectByteBuffer[position=0,limit=24576,capacity=24576], outIndex = 3
08-27 13:51:22.598 D/DecodeActivity(10478): T:info.presentationTimeUs: 92879
08-27 13:51:22.598 D/DecodeActivity(10478): System.currentTimeMillis() - startMs: 82
08-27 13:51:22.598 D/DecodeActivity(10478): info.presentationTimeUs: 92879
08-27 13:51:22.598 D/DecodeActivity(10478): System.currentTimeMillis() - startMs: 82
08-27 13:51:22.598 D/DecodeActivity(10478): sleep ---------------------------
08-27 13:51:22.598 D/DecodeActivity(10478): Video: 0 0 0 1 41 9a 40 80
08-27 13:51:22.598 D/DecodeActivity(10478): Video: 57 c0 ca 1 50 67 e3 37
08-27 13:51:22.598 D/DecodeActivity(10478): Video: ===============================================
08-27 13:51:22.598 D/DecodeActivity(10478): Video: inIndex = 0, after: advance = 0
08-27 13:51:22.608 D/DecodeActivity(10478): inIndex = 3, buffer.position = 0
08-27 13:51:22.608 D/DecodeActivity(10478): inIndex = 3, after: buffer.position = 0
08-27 13:51:22.608 D/DecodeActivity(10478): dequeueOutputBuffer timed out!
08-27 13:51:22.608 D/DecodeActivity(10478): sampleSize=191
08-27 13:51:22.608 D/DecodeActivity(10478): Video: inIndex = 1, buffer.position = 0
08-27 13:51:22.608 D/DecodeActivity(10478): queueInputBuffer: extractor.getSampleTime() = 162539
08-27 13:51:22.608 D/DecodeActivity(10478): Video: inIndex = 1, after: buffer.position = 0
08-27 13:51:22.608 D/DecodeActivity(10478): Video: sampleSize=19794
08-27 13:51:22.608 D/DecodeActivity(10478): Video: queueInputBuffer: extractor.getSampleTime() = 561000
08-27 13:51:22.608 D/DecodeActivity(10478): Audio: 1 24 99 fe cb 24 e0 88
08-27 13:51:22.608 D/DecodeActivity(10478): Video: 0 0 0 1 41 9a 60 c0
08-27 13:51:22.608 D/DecodeActivity(10478): Audio: 96 5a e2 71 bc 83 25 27
08-27 13:51:22.608 D/DecodeActivity(10478): Audio: +++++++++++++++++++++++++++++++++++++++++++++++
08-27 13:51:22.608 D/DecodeActivity(10478): inIndex = 3, after: advance = 0
08-27 13:51:22.608 D/DecodeActivity(10478): outputBuffers, buffer = java.nio.DirectByteBuffer[position=0,limit=24576,capacity=24576], outIndex = 0
08-27 13:51:22.608 D/DecodeActivity(10478): T:info.presentationTimeUs: 116099
08-27 13:51:22.608 D/DecodeActivity(10478): System.currentTimeMillis() - startMs: 100
08-27 13:51:22.608 D/DecodeActivity(10478): Video: 77 76 d b1 b5 7c 29 ff
08-27 13:51:22.608 D/DecodeActivity(10478): info.presentationTimeUs: 116099
08-27 13:51:22.608 D/DecodeActivity(10478): Video: ===============================================
08-27 13:51:22.608 D/DecodeActivity(10478): System.currentTimeMillis() - startMs: 100
08-27 13:51:22.608 D/DecodeActivity(10478): Video: inIndex = 1, after: advance = 0
08-27 13:51:22.608 D/DecodeActivity(10478): sleep ---------------------------
08-27 13:51:22.618 D/DecodeActivity(10478): dequeueOutputBuffer timed out!
08-27 13:51:22.618 D/DecodeActivity(10478): info.presentationTimeUs: 116099
08-27 13:51:22.618 D/DecodeActivity(10478): System.currentTimeMillis() - startMs: 110
08-27 13:51:22.618 D/DecodeActivity(10478): sleep ---------------------------
08-27 13:51:22.618 D/DecodeActivity(10478): Video: inIndex = 0, buffer.position = 0
08-27 13:51:22.628 D/DecodeActivity(10478): Video: inIndex = 0, after: buffer.position = 0
08-27 13:51:22.628 D/DecodeActivity(10478): Video: sampleSize=19851
08-27 13:51:22.628 D/DecodeActivity(10478): Video: queueInputBuffer: extractor.getSampleTime() = 748000
08-27 13:51:22.628 D/DecodeActivity(10478): Video: 0 0 0 1 41 9a 81 0
08-27 13:51:22.628 D/DecodeActivity(10478): Video: 67 e0 64 fe 23 b 3a 70
08-27 13:51:22.628 D/DecodeActivity(10478): Video: ===============================================
08-27 13:51:22.628 D/DecodeActivity(10478): Video: inIndex = 0, after: advance = 0
08-27 13:51:22.638 D/DecodeActivity(10478): dequeueOutputBuffer timed out!
08-27 13:51:22.638 D/DecodeActivity(10478): Video: inIndex = 1, buffer.position = 0
08-27 13:51:22.638 D/DecodeActivity(10478): Video: inIndex = 1, after: buffer.position = 0
08-27 13:51:22.638 D/DecodeActivity(10478): Video: sampleSize=27516
08-27 13:51:22.638 D/DecodeActivity(10478): Video: queueInputBuffer: extractor.getSampleTime() = 935000
08-27 13:51:22.648 D/DecodeActivity(10478): Video: 0 0 0 1 41 9a a1 40
08-27 13:51:22.648 D/DecodeActivity(10478): Video: 67 9b ff fe 17 28 a0 7b
08-27 13:51:22.648 D/DecodeActivity(10478): Video: ===============================================
08-27 13:51:22.648 D/DecodeActivity(10478): Video: inIndex = 1, after: advance = 0
08-27 13:51:22.648 D/DecodeActivity(10478): INFO_OUTPUT_FORMAT_CHANGED: New format {height=1080, what=1869968451, color-format=19, slice-height=0, crop-left=0, width=1920, crop-bottom=1079, crop-top=0, mime=video/raw, stride=0, crop-right=1919}
08-27 13:51:22.648 D/DecodeActivity(10478): Video: inIndex = 0, buffer.position = 0
08-27 13:51:22.648 D/DecodeActivity(10478): Video: inIndex = 0, after: buffer.position = 0
08-27 13:51:22.648 D/DecodeActivity(10478): Video: sampleSize=29382
08-27 13:51:22.648 D/DecodeActivity(10478): Video: queueInputBuffer: extractor.getSampleTime() = 1122000
08-27 13:51:22.648 D/DecodeActivity(10478): Video: 0 0 0 1 41 9a c1 80
08-27 13:51:22.648 D/DecodeActivity(10478): Video: 67 9b ff fe 62 8a 0 dd
08-27 13:51:22.648 D/DecodeActivity(10478): Video: ===============================================
08-27 13:51:22.648 D/DecodeActivity(10478): Video: inIndex = 0, after: advance = 0
08-27 13:51:22.668 D/DecodeActivity(10478): Video: info.presentationTimeUs: 187000
08-27 13:51:22.668 D/DecodeActivity(10478): Video: sleep ---------------------------
08-27 13:51:22.678 D/DecodeActivity(10478): Video: info.presentationTimeUs: 187000
08-27 13:51:22.678 D/DecodeActivity(10478): Video: sleep ---------------------------
08-27 13:51:22.688 D/DecodeActivity(10478): Video: info.presentationTimeUs: 187000
08-27 13:51:22.688 D/DecodeActivity(10478): Video: sleep ---------------------------
08-27 13:51:22.698 D/DecodeActivity(10478): inIndex = 1, buffer.position = 0
08-27 13:51:22.698 D/DecodeActivity(10478): inIndex = 1, after: buffer.position = 0
08-27 13:51:22.698 D/DecodeActivity(10478): sampleSize=193
08-27 13:51:22.698 D/DecodeActivity(10478): queueInputBuffer: extractor.getSampleTime() = 185759
08-27 13:51:22.698 D/DecodeActivity(10478): Video: info.presentationTimeUs: 187000
08-27 13:51:22.698 D/DecodeActivity(10478): Video: sleep ---------------------------
08-27 13:51:22.698 D/DecodeActivity(10478): Audio: 1 24 99 fe cc 14 e0 90
08-27 13:51:22.708 D/DecodeActivity(10478): Audio: 95 5c 49 38 e7 7a 1d ec
08-27 13:51:22.708 D/DecodeActivity(10478): Audio: +++++++++++++++++++++++++++++++++++++++++++++++
08-27 13:51:22.708 D/DecodeActivity(10478): inIndex = 1, after: advance = 0
08-27 13:51:22.708 D/DecodeActivity(10478): Video: info.presentationTimeUs: 187000
08-27 13:51:22.708 D/DecodeActivity(10478): Video: sleep ---------------------------
08-27 13:51:22.708 D/DecodeActivity(10478): outputBuffers, buffer = java.nio.DirectByteBuffer[position=0,limit=24576,capacity=24576], outIndex = 1
08-27 13:51:22.708 D/DecodeActivity(10478): T:info.presentationTimeUs: 139319
08-27 13:51:22.708 D/DecodeActivity(10478): System.currentTimeMillis() - startMs: 198
08-27 13:51:22.708 D/DecodeActivity(10478): inIndex = 0, buffer.position = 0
08-27 13:51:22.708 D/DecodeActivity(10478): inIndex = 0, after: buffer.position = 0
08-27 13:51:22.708 D/DecodeActivity(10478): sampleSize=191
08-27 13:51:22.708 D/DecodeActivity(10478): queueInputBuffer: extractor.getSampleTime() = 208979
08-27 13:51:22.708 D/DecodeActivity(10478): Audio: 1 22 99 fe cc 14 e0 90
08-27 13:51:22.708 D/DecodeActivity(10478): Audio: 96 4b 92 eb 5b a0 c9 6e
08-27 13:51:22.708 D/DecodeActivity(10478): Audio: +++++++++++++++++++++++++++++++++++++++++++++++
08-27 13:51:22.708 D/DecodeActivity(10478): inIndex = 0, after: advance = 0
08-27 13:51:22.708 D/DecodeActivity(10478): outputBuffers, buffer = java.nio.DirectByteBuffer[position=0,limit=24576,capacity=24576], outIndex = 2
08-27 13:51:22.708 D/DecodeActivity(10478): T:info.presentationTimeUs: 162539
08-27 13:51:22.708 D/DecodeActivity(10478): System.currentTimeMillis() - startMs: 201
08-27 13:51:22.718 D/DecodeActivity(10478): Video: info.presentationTimeUs: 187000
08-27 13:51:22.718 D/DecodeActivity(10478): Video: sleep ---------------------------
08-27 13:51:22.728 D/DecodeActivity(10478): Video: info.presentationTimeUs: 187000
08-27 13:51:22.728 D/DecodeActivity(10478): Video: sleep ---------------------------
08-27 13:51:22.738 D/DecodeActivity(10478): inIndex = 2, buffer.position = 0
08-27 13:51:22.738 D/DecodeActivity(10478): inIndex = 2, after: buffer.position = 0
08-27 13:51:22.738 D/DecodeActivity(10478): sampleSize=191
08-27 13:51:22.738 D/DecodeActivity(10478): Video: inIndex = 1, buffer.position = 0
08-27 13:51:22.738 D/DecodeActivity(10478): queueInputBuffer: extractor.getSampleTime() = 232199
08-27 13:51:22.738 D/DecodeActivity(10478): Video: inIndex = 1, after: buffer.position = 0
08-27 13:51:22.738 D/DecodeActivity(10478): Video: sampleSize=32401
08-27 13:51:22.738 D/DecodeActivity(10478): Video: queueInputBuffer: extractor.getSampleTime() = 1309000
08-27 13:51:22.748 D/DecodeActivity(10478): Audio: 1 24 99 fe cb 24 e0 c8
08-27 13:51:22.748 D/DecodeActivity(10478): Video: 0 0 0 1 41 9a e1 c0
08-27 13:51:22.748 D/DecodeActivity(10478): Audio: 95 5c b9 4d 66 ec 59 49
08-27 13:51:22.748 D/DecodeActivity(10478): Audio: +++++++++++++++++++++++++++++++++++++++++++++++
08-27 13:51:22.748 D/DecodeActivity(10478): inIndex = 2, after: advance = 0
08-27 13:51:22.748 D/DecodeActivity(10478): outputBuffers, buffer = java.nio.DirectByteBuffer[position=0,limit=24576,capacity=24576], outIndex = 3
08-27 13:51:22.748 D/DecodeActivity(10478): Video: 67 ca 16 e4 b 84 8a 6f
08-27 13:51:22.748 D/DecodeActivity(10478): T:info.presentationTimeUs: 185759
08-27 13:51:22.748 D/DecodeActivity(10478): Video: ===============================================
08-27 13:51:22.748 D/DecodeActivity(10478): Video: inIndex = 1, after: advance = 0
08-27 13:51:22.748 D/DecodeActivity(10478): System.currentTimeMillis() - startMs: 232
08-27 13:51:22.748 D/DecodeActivity(10478): Video: info.presentationTimeUs: 374000
08-27 13:51:22.748 D/DecodeActivity(10478): Video: sleep ---------------------------
08-27 13:51:22.748 D/DecodeActivity(10478): inIndex = 3, buffer.position = 0
08-27 13:51:22.748 D/DecodeActivity(10478): inIndex = 3, after: buffer.position = 0
08-27 13:51:22.748 D/DecodeActivity(10478): sampleSize=191
08-27 13:51:22.748 D/DecodeActivity(10478): queueInputBuffer: extractor.getSampleTime() = 255419
08-27 13:51:22.748 D/DecodeActivity(10478): Audio: 1 22 99 fe cb 24 e0 88
08-27 13:51:22.748 D/DecodeActivity(10478): Audio: 96 ee 4b 92 56 e0 3d 3c
08-27 13:51:22.748 D/DecodeActivity(10478): Audio: +++++++++++++++++++++++++++++++++++++++++++++++
08-27 13:51:22.748 D/DecodeActivity(10478): inIndex = 3, after: advance = 0
08-27 13:51:22.748 D/DecodeActivity(10478): outputBuffers, buffer = java.nio.DirectByteBuffer[position=0,limit=24576,capacity=24576], outIndex = 0
08-27 13:51:22.748 D/DecodeActivity(10478): T:info.presentationTimeUs: 208979
08-27 13:51:22.748 D/DecodeActivity(10478): System.currentTimeMillis() - startMs: 235
08-27 13:51:22.758 D/DecodeActivity(10478): Video: info.presentationTimeUs: 374000
08-27 13:51:22.758 D/DecodeActivity(10478): Video: sleep ---------------------------
08-27 13:51:22.768 D/DecodeActivity(10478): Video: info.presentationTimeUs: 374000
08-27 13:51:22.768 D/DecodeActivity(10478): Video: sleep ---------------------------
08-27 13:51:22.778 D/DecodeActivity(10478): Video: info.presentationTimeUs: 374000
08-27 13:51:22.778 D/DecodeActivity(10478): Video: sleep ---------------------------
08-27 13:51:22.788 D/DecodeActivity(10478): Video: info.presentationTimeUs: 374000
08-27 13:51:22.788 D/DecodeActivity(10478): Video: sleep ---------------------------
08-27 13:51:22.788 D/DecodeActivity(10478): inIndex = 1, buffer.position = 0
08-27 13:51:22.788 D/DecodeActivity(10478): inIndex = 1, after: buffer.position = 0
08-27 13:51:22.788 D/DecodeActivity(10478): sampleSize=195
08-27 13:51:22.788 D/DecodeActivity(10478): queueInputBuffer: extractor.getSampleTime() = 278639
08-27 13:51:22.788 D/DecodeActivity(10478): Audio: 1 24 99 fe cc 14 e0 89
08-27 13:51:22.788 D/DecodeActivity(10478): Audio: 91 2a 93 8a bc ba c0 d9
08-27 13:51:22.788 D/DecodeActivity(10478): Audio: +++++++++++++++++++++++++++++++++++++++++++++++
08-27 13:51:22.788 D/DecodeActivity(10478): inIndex = 1, after: advance = 0
08-27 13:51:22.788 D/DecodeActivity(10478): outputBuffers, buffer = java.nio.DirectByteBuffer[position=0,limit=24576,capacity=24576], outIndex = 1
08-27 13:51:22.788 D/DecodeActivity(10478): T:info.presentationTimeUs: 232199
08-27 13:51:22.788 D/DecodeActivity(10478): System.currentTimeMillis() - startMs: 280
08-27 13:51:22.788 D/DecodeActivity(10478): inIndex = 0, buffer.position = 0
08-27 13:51:22.788 D/DecodeActivity(10478): inIndex = 0, after: buffer.position = 0
08-27 13:51:22.788 D/DecodeActivity(10478): sampleSize=195
08-27 13:51:22.788 D/DecodeActivity(10478): queueInputBuffer: extractor.getSampleTime() = 301859
08-27 13:51:22.798 D/DecodeActivity(10478): Audio: 1 26 99 fe cc 14 8a 91
08-27 13:51:22.798 D/DecodeActivity(10478): Audio: 11 12 ab 6a 2a db 9 29
08-27 13:51:22.798 D/DecodeActivity(10478): Audio: +++++++++++++++++++++++++++++++++++++++++++++++
08-27 13:51:22.798 D/DecodeActivity(10478): inIndex = 0, after: advance = 0
08-27 13:51:22.798 D/DecodeActivity(10478): outputBuffers, buffer = java.nio.DirectByteBuffer[position=0,limit=24576,capacity=24576], outIndex = 2
08-27 13:51:22.798 D/DecodeActivity(10478): T:info.presentationTimeUs: 255419
08-27 13:51:22.798 D/DecodeActivity(10478): System.currentTimeMillis() - startMs: 282
08-27 13:51:22.798 D/DecodeActivity(10478): Video: info.presentationTimeUs: 374000
08-27 13:51:22.798 D/DecodeActivity(10478): Video: sleep ---------------------------
08-27 13:51:22.808 D/DecodeActivity(10478): Video: info.presentationTimeUs: 374000
08-27 13:51:22.808 D/DecodeActivity(10478): Video: sleep ---------------------------
08-27 13:51:22.818 D/DecodeActivity(10478): Video: info.presentationTimeUs: 374000
08-27 13:51:22.818 D/DecodeActivity(10478): Video: sleep ---------------------------
08-27 13:51:22.828 D/DecodeActivity(10478): Video: info.presentationTimeUs: 374000
08-27 13:51:22.828 D/DecodeActivity(10478): Video: sleep ---------------------------
08-27 13:51:22.838 D/DecodeActivity(10478): Video: info.presentationTimeUs: 374000
08-27 13:51:22.838 D/DecodeActivity(10478): Video: sleep ---------------------------
08-27 13:51:22.838 D/DecodeActivity(10478): inIndex = 2, buffer.position = 0
08-27 13:51:22.838 D/DecodeActivity(10478): inIndex = 2, after: buffer.position = 0
08-27 13:51:22.838 D/DecodeActivity(10478): sampleSize=191
08-27 13:51:22.838 D/DecodeActivity(10478): queueInputBuffer: extractor.getSampleTime() = 325079
08-27 13:51:22.838 D/DecodeActivity(10478): Audio: 1 26 99 fe cb 14 2c 52
08-27 13:51:22.838 D/DecodeActivity(10478): Audio: 92 12 a9 1d 64 d6 6e b
08-27 13:51:22.838 D/DecodeActivity(10478): Audio: +++++++++++++++++++++++++++++++++++++++++++++++
08-27 13:51:22.838 D/DecodeActivity(10478): inIndex = 2, after: advance = 0
08-27 13:51:22.838 D/DecodeActivity(10478): outputBuffers, buffer = java.nio.DirectByteBuffer[position=0,limit=24576,capacity=24576], outIndex = 3
08-27 13:51:22.838 D/DecodeActivity(10478): T:info.presentationTimeUs: 278639
08-27 13:51:22.838 D/DecodeActivity(10478): System.currentTimeMillis() - startMs: 328
08-27 13:51:22.838 D/DecodeActivity(10478): inIndex = 3, buffer.position = 0
08-27 13:51:22.838 D/DecodeActivity(10478): inIndex = 3, after: buffer.position = 0
08-27 13:51:22.838 D/DecodeActivity(10478): sampleSize=192
08-27 13:51:22.838 D/DecodeActivity(10478): queueInputBuffer: extractor.getSampleTime() = 348299
08-27 13:51:22.838 D/DecodeActivity(10478): Audio: 1 26 99 fe cb 14 e4 53
08-27 13:51:22.838 D/DecodeActivity(10478): Audio: 35 25 d5 dd 77 63 fc 63
08-27 13:51:22.838 D/DecodeActivity(10478): Audio: +++++++++++++++++++++++++++++++++++++++++++++++
08-27 13:51:22.838 D/DecodeActivity(10478): inIndex = 3, after: advance = 0
08-27 13:51:22.838 D/DecodeActivity(10478): outputBuffers, buffer = java.nio.DirectByteBuffer[position=0,limit=24576,capacity=24576], outIndex = 0
08-27 13:51:22.838 D/DecodeActivity(10478): T:info.presentationTimeUs: 301859
08-27 13:51:22.838 D/DecodeActivity(10478): System.currentTimeMillis() - startMs: 329
08-27 13:51:22.848 D/DecodeActivity(10478): Video: info.presentationTimeUs: 374000
08-27 13:51:22.848 D/DecodeActivity(10478): Video: sleep ---------------------------
08-27 13:51:22.858 D/DecodeActivity(10478): Video: info.presentationTimeUs: 374000
08-27 13:51:22.858 D/DecodeActivity(10478): Video: sleep ---------------------------
08-27 13:51:22.868 D/DecodeActivity(10478): Video: info.presentationTimeUs: 374000
08-27 13:51:22.868 D/DecodeActivity(10478): Video: sleep ---------------------------
08-27 13:51:22.878 D/DecodeActivity(10478): Video: info.presentationTimeUs: 374000
08-27 13:51:22.878 D/DecodeActivity(10478): Video: sleep ---------------------------
08-27 13:51:22.888 D/DecodeActivity(10478): inIndex = 1, buffer.position = 0
08-27 13:51:22.888 D/DecodeActivity(10478): inIndex = 1, after: buffer.position = 0
08-27 13:51:22.888 D/DecodeActivity(10478): sampleSize=191
08-27 13:51:22.888 D/DecodeActivity(10478): queueInputBuffer: extractor.getSampleTime() = 371519
08-27 13:51:22.888 D/DecodeActivity(10478): Audio: 1 26 99 fe cc 16 49 49
08-27 13:51:22.888 D/DecodeActivity(10478): Audio: 9 52 6a d6 73 7 c7 c0
08-27 13:51:22.888 D/DecodeActivity(10478): Audio: +++++++++++++++++++++++++++++++++++++++++++++++
08-27 13:51:22.888 D/DecodeActivity(10478): inIndex = 1, after: advance = 0
08-27 13:51:22.888 D/DecodeActivity(10478): outputBuffers, buffer = java.nio.DirectByteBuffer[position=0,limit=24576,capacity=24576], outIndex = 1
08-27 13:51:22.888 D/DecodeActivity(10478): T:info.presentationTimeUs: 325079
08-27 13:51:22.888 D/DecodeActivity(10478): System.currentTimeMillis() - startMs: 375
08-27 13:51:22.888 D/DecodeActivity(10478): inIndex = 0, buffer.position = 0
08-27 13:51:22.888 D/DecodeActivity(10478): inIndex = 0, after: buffer.position = 0
08-27 13:51:22.888 D/DecodeActivity(10478): sampleSize=197
08-27 13:51:22.888 D/DecodeActivity(10478): queueInputBuffer: extractor.getSampleTime() = 394739
08-27 13:51:22.888 D/DecodeActivity(10478): Audio: 1 26 99 fe cc 14 8c 91
08-27 13:51:22.888 D/DecodeActivity(10478): Video: info.presentationTimeUs: 374000
08-27 13:51:22.888 D/DecodeActivity(10478): Video: sleep ---------------------------
08-27 13:51:22.888 D/DecodeActivity(10478): Audio: 11 12 c8 d1 c5 e6 e0 d9
08-27 13:51:22.888 D/DecodeActivity(10478): Audio: +++++++++++++++++++++++++++++++++++++++++++++++
08-27 13:51:22.888 D/DecodeActivity(10478): inIndex = 0, after: advance = 0
08-27 13:51:22.888 D/DecodeActivity(10478): outputBuffers, buffer = java.nio.DirectByteBuffer[position=0,limit=24576,capacity=24576], outIndex = 2
08-27 13:51:22.888 D/DecodeActivity(10478): T:info.presentationTimeUs: 348299
08-27 13:51:22.888 D/DecodeActivity(10478): System.currentTimeMillis() - startMs: 379
08-27 13:51:22.898 D/DecodeActivity(10478): Video: info.presentationTimeUs: 374000
08-27 13:51:22.898 D/DecodeActivity(10478): Video: sleep ---------------------------
08-27 13:51:22.908 D/DecodeActivity(10478): Video: info.presentationTimeUs: 374000
08-27 13:51:22.908 D/DecodeActivity(10478): Video: sleep ---------------------------
08-27 13:51:22.908 D/dalvikvm(10478): GC_CONCURRENT freed 322K, 15% free 4497K/5284K, paused 1ms+1ms, total 22ms
08-27 13:51:22.918 D/DecodeActivity(10478): Video: info.presentationTimeUs: 374000
08-27 13:51:22.918 D/DecodeActivity(10478): Video: sleep ---------------------------
08-27 13:51:22.928 D/DecodeActivity(10478): Video: inIndex = 0, buffer.position = 0
08-27 13:51:22.928 D/DecodeActivity(10478): Video: inIndex = 0, after: buffer.position = 0
08-27 13:51:22.928 D/DecodeActivity(10478): Video: sampleSize=27541
08-27 13:51:22.928 D/DecodeActivity(10478): Video: queueInputBuffer: extractor.getSampleTime() = 1497000
08-27 13:51:22.938 D/DecodeActivity(10478): Video: 0 0 0 1 41 9b 2 0
08-27 13:51:22.938 D/DecodeActivity(10478): inIndex = 2, buffer.position = 0
08-27 13:51:22.938 D/DecodeActivity(10478): inIndex = 2, after: buffer.position = 0
08-27 13:51:22.938 D/DecodeActivity(10478): Video: 77 d8 a c0 a1 df 1b aa
08-27 13:51:22.938 D/DecodeActivity(10478): Video: ===============================================
08-27 13:51:22.938 D/DecodeActivity(10478): sampleSize=201
08-27 13:51:22.938 D/DecodeActivity(10478): Video: inIndex = 0, after: advance = 0
08-27 13:51:22.938 D/DecodeActivity(10478): queueInputBuffer: extractor.getSampleTime() = 417959
08-27 13:51:22.938 D/DecodeActivity(10478): Video: info.presentationTimeUs: 561000
08-27 13:51:22.938 D/DecodeActivity(10478): Video: sleep ---------------------------
08-27 13:51:22.938 D/DecodeActivity(10478): Audio: 1 26 99 fe cc 16 28 98
08-27 13:51:22.938 D/DecodeActivity(10478): Audio: a3 22 64 4a a2 54 bd 56
08-27 13:51:22.938 D/DecodeActivity(10478): Audio: +++++++++++++++++++++++++++++++++++++++++++++++
08-27 13:51:22.938 D/DecodeActivity(10478): inIndex = 2, after: advance = 0
08-27 13:51:22.938 D/DecodeActivity(10478): outputBuffers, buffer = java.nio.DirectByteBuffer[position=0,limit=24576,capacity=24576], outIndex = 3
08-27 13:51:22.938 D/DecodeActivity(10478): T:info.presentationTimeUs: 371519
08-27 13:51:22.938 D/DecodeActivity(10478): System.currentTimeMillis() - startMs: 425
08-27 13:51:22.938 D/DecodeActivity(10478): inIndex = 3, buffer.position = 0
08-27 13:51:22.938 D/DecodeActivity(10478): inIndex = 3, after: buffer.position = 0
08-27 13:51:22.938 D/DecodeActivity(10478): sampleSize=201
08-27 13:51:22.938 D/DecodeActivity(10478): queueInputBuffer: extractor.getSampleTime() = 441179
08-27 13:51:22.938 D/DecodeActivity(10478): Audio: 1 24 99 fe 8c 16 49 88
08-27 13:51:22.938 D/DecodeActivity(10478): Audio: 99 52 5e e5 f1 5b f 2b
08-27 13:51:22.938 D/DecodeActivity(10478): Audio: +++++++++++++++++++++++++++++++++++++++++++++++
08-27 13:51:22.938 D/DecodeActivity(10478): inIndex = 3, after: advance = 0
08-27 13:51:22.938 D/DecodeActivity(10478): outputBuffers, buffer = java.nio.DirectByteBuffer[position=0,limit=24576,capacity=24576], outIndex = 0
08-27 13:51:22.938 D/DecodeActivity(10478): T:info.presentationTimeUs: 394739
08-27 13:51:22.938 D/DecodeActivity(10478): System.currentTimeMillis() - startMs: 426
08-27 13:51:22.948 D/DecodeActivity(10478): Video: info.presentationTimeUs: 561000
08-27 13:51:22.948 D/DecodeActivity(10478): Video: sleep ---------------------------
08-27 13:51:22.958 D/DecodeActivity(10478): Video: info.presentationTimeUs: 561000
08-27 13:51:22.958 D/DecodeActivity(10478): Video: sleep ---------------------------
08-27 13:51:22.968 D/DecodeActivity(10478): Video: info.presentationTimeUs: 561000
08-27 13:51:22.968 D/DecodeActivity(10478): Video: sleep ---------------------------
08-27 13:51:22.978 D/DecodeActivity(10478): Video: info.presentationTimeUs: 561000
08-27 13:51:22.978 D/DecodeActivity(10478): Video: sleep ---------------------------
08-27 13:51:22.978 D/DecodeActivity(10478): inIndex = 1, buffer.position = 0
08-27 13:51:22.978 D/DecodeActivity(10478): inIndex = 1, after: buffer.position = 0
08-27 13:51:22.988 D/DecodeActivity(10478): sampleSize=135
08-27 13:51:22.988 D/DecodeActivity(10478): queueInputBuffer: extractor.getSampleTime() = 464399
08-27 13:51:22.988 D/DecodeActivity(10478): Video: info.presentationTimeUs: 561000
08-27 13:51:22.988 D/DecodeActivity(10478): Video: sleep ---------------------------
08-27 13:51:22.988 D/DecodeActivity(10478): Audio: 1 42 99 fe cc a7 6a 5c
08-27 13:51:22.988 D/DecodeActivity(10478): Audio: a9 72 a4 cb 22 ef 86 ae
08-27 13:51:22.988 D/DecodeActivity(10478): Audio: +++++++++++++++++++++++++++++++++++++++++++++++
08-27 13:51:22.988 D/DecodeActivity(10478): inIndex = 1, after: advance = 0
08-27 13:51:22.988 D/DecodeActivity(10478): outputBuffers, buffer = java.nio.DirectByteBuffer[position=0,limit=24576,capacity=24576], outIndex = 1
08-27 13:51:22.988 D/DecodeActivity(10478): T:info.presentationTimeUs: 417959
08-27 13:51:22.988 D/DecodeActivity(10478): System.currentTimeMillis() - startMs: 478
08-27 13:51:22.988 D/DecodeActivity(10478): inIndex = 0, buffer.position = 0
08-27 13:51:22.988 D/DecodeActivity(10478): inIndex = 0, after: buffer.position = 0
08-27 13:51:22.988 D/DecodeActivity(10478): sampleSize=194
08-27 13:51:22.988 D/DecodeActivity(10478): queueInputBuffer: extractor.getSampleTime() = 487619
08-27 13:51:22.988 D/DecodeActivity(10478): Audio: 1 4e 99 fe cd 16 28 56
08-27 13:51:22.988 D/DecodeActivity(10478): Audio: 21 52 44 ca 9c 3c dd ea
08-27 13:51:22.988 D/DecodeActivity(10478): Audio: +++++++++++++++++++++++++++++++++++++++++++++++
08-27 13:51:22.988 D/DecodeActivity(10478): inIndex = 0, after: advance = 0
08-27 13:51:22.988 D/DecodeActivity(10478): outputBuffers, buffer = java.nio.DirectByteBuffer[position=0,limit=24576,capacity=24576], outIndex = 2
08-27 13:51:22.988 D/DecodeActivity(10478): T:info.presentationTimeUs: 441179
08-27 13:51:22.988 D/DecodeActivity(10478): System.currentTimeMillis() - startMs: 480
08-27 13:51:22.998 D/DecodeActivity(10478): Video: info.presentationTimeUs: 561000
08-27 13:51:22.998 D/DecodeActivity(10478): Video: sleep ---------------------------
08-27 13:51:23.008 D/DecodeActivity(10478): Video: info.presentationTimeUs: 561000
08-27 13:51:23.008 D/DecodeActivity(10478): Video: sleep ---------------------------
08-27 13:51:23.018 D/DecodeActivity(10478): Video: info.presentationTimeUs: 561000
08-27 13:51:23.018 D/DecodeActivity(10478): Video: sleep ---------------------------
08-27 13:51:23.028 D/DecodeActivity(10478): Video: info.presentationTimeUs: 561000
08-27 13:51:23.028 D/DecodeActivity(10478): Video: sleep ---------------------------
08-27 13:51:23.028 D/DecodeActivity(10478): inIndex = 2, buffer.position = 0
08-27 13:51:23.028 D/DecodeActivity(10478): inIndex = 2, after: buffer.position = 0
08-27 13:51:23.028 D/DecodeActivity(10478): sampleSize=191
08-27 13:51:23.028 D/DecodeActivity(10478): queueInputBuffer: extractor.getSampleTime() = 510839
08-27 13:51:23.028 D/DecodeActivity(10478): Audio: 1 40 99 fe cc 16 69 48
08-27 13:51:23.028 D/DecodeActivity(10478): Audio: 89 55 df b6 a3 86 5 ae
08-27 13:51:23.028 D/DecodeActivity(10478): Audio: +++++++++++++++++++++++++++++++++++++++++++++++
08-27 13:51:23.028 D/DecodeActivity(10478): inIndex = 2, after: advance = 0
08-27 13:51:23.028 D/DecodeActivity(10478): outputBuffers, buffer = java.nio.DirectByteBuffer[position=0,limit=24576,capacity=24576], outIndex = 3
08-27 13:51:23.028 D/DecodeActivity(10478): T:info.presentationTimeUs: 464399
08-27 13:51:23.028 D/DecodeActivity(10478): System.currentTimeMillis() - startMs: 519
08-27 13:51:23.028 D/DecodeActivity(10478): inIndex = 3, buffer.position = 0
08-27 13:51:23.028 D/DecodeActivity(10478): inIndex = 3, after: buffer.position = 0
08-27 13:51:23.028 D/DecodeActivity(10478): sampleSize=195
08-27 13:51:23.028 D/DecodeActivity(10478): queueInputBuffer: extractor.getSampleTime() = 534058
08-27 13:51:23.028 D/DecodeActivity(10478): Audio: 1 38 99 fe cc 16 29 c1
08-27 13:51:23.028 D/DecodeActivity(10478): Audio: 11 2a 9e 78 4d 6b 75 4
08-27 13:51:23.028 D/DecodeActivity(10478): Audio: +++++++++++++++++++++++++++++++++++++++++++++++
08-27 13:51:23.028 D/DecodeActivity(10478): inIndex = 3, after: advance = 0
08-27 13:51:23.028 D/DecodeActivity(10478): outputBuffers, buffer = java.nio.DirectByteBuffer[position=0,limit=24576,capacity=24576], outIndex = 0
08-27 13:51:23.028 D/DecodeActivity(10478): T:info.presentationTimeUs: 487619
08-27 13:51:23.028 D/DecodeActivity(10478): System.currentTimeMillis() - startMs: 521
08-27 13:51:23.038 D/DecodeActivity(10478): Video: info.presentationTimeUs: 561000
08-27 13:51:23.038 D/DecodeActivity(10478): Video: sleep ---------------------------
08-27 13:51:23.048 D/DecodeActivity(10478): Video: info.presentationTimeUs: 561000
08-27 13:51:23.048 D/DecodeActivity(10478): Video: sleep ---------------------------
08-27 13:51:23.058 D/DecodeActivity(10478): Video: info.presentationTimeUs: 561000
08-27 13:51:23.058 D/DecodeActivity(10478): Video: sleep ---------------------------
08-27 13:51:23.068 D/DecodeActivity(10478): Video: info.presentationTimeUs: 561000
08-27 13:51:23.068 D/DecodeActivity(10478): Video: sleep ---------------------------
08-27 13:51:23.078 D/DecodeActivity(10478): inIndex = 1, buffer.position = 0
08-27 13:51:23.078 D/DecodeActivity(10478): inIndex = 1, after: buffer.position = 0
08-27 13:51:23.078 D/DecodeActivity(10478): sampleSize=198
08-27 13:51:23.078 D/DecodeActivity(10478): queueInputBuffer: extractor.getSampleTime() = 557278
08-27 13:51:23.078 D/DecodeActivity(10478): Audio: 1 32 99 fe cc 16 28 58
08-27 13:51:23.078 D/DecodeActivity(10478): Audio: a5 22 25 9a be 17 2f 2a
08-27 13:51:23.078 D/DecodeActivity(10478): Audio: +++++++++++++++++++++++++++++++++++++++++++++++
08-27 13:51:23.078 D/DecodeActivity(10478): inIndex = 1, after: advance = 0
08-27 13:51:23.078 D/DecodeActivity(10478): outputBuffers, buffer = java.nio.DirectByteBuffer[position=0,limit=24576,capacity=24576], outIndex = 1
08-27 13:51:23.078 D/DecodeActivity(10478): T:info.presentationTimeUs: 510839
08-27 13:51:23.078 D/DecodeActivity(10478): System.currentTimeMillis() - startMs: 566
08-27 13:51:23.078 D/DecodeActivity(10478): inIndex = 0, buffer.position = 0
08-27 13:51:23.078 D/DecodeActivity(10478): inIndex = 0, after: buffer.position = 0
08-27 13:51:23.078 D/DecodeActivity(10478): sampleSize=191
08-27 13:51:23.078 D/DecodeActivity(10478): queueInputBuffer: extractor.getSampleTime() = 580498
08-27 13:51:23.078 D/DecodeActivity(10478): Video: info.presentationTimeUs: 561000
08-27 13:51:23.078 D/DecodeActivity(10478): Video: sleep ---------------------------
08-27 13:51:23.078 D/DecodeActivity(10478): Audio: 1 34 99 fe cb 24 6a 51
08-27 13:51:23.078 D/DecodeActivity(10478): Audio: 12 12 cd 6b 8a d3 8a c0
08-27 13:51:23.078 D/DecodeActivity(10478): Audio: +++++++++++++++++++++++++++++++++++++++++++++++
08-27 13:51:23.078 D/DecodeActivity(10478): inIndex = 0, after: advance = 0
08-27 13:51:23.078 D/DecodeActivity(10478): outputBuffers, buffer = java.nio.DirectByteBuffer[position=0,limit=24576,capacity=24576], outIndex = 2
08-27 13:51:23.078 D/DecodeActivity(10478): T:info.presentationTimeUs: 534058
08-27 13:51:23.078 D/DecodeActivity(10478): System.currentTimeMillis() - startMs: 568
08-27 13:51:23.088 D/DecodeActivity(10478): Video: info.presentationTimeUs: 561000
08-27 13:51:23.088 D/DecodeActivity(10478): Video: sleep ---------------------------
08-27 13:51:23.098 D/DecodeActivity(10478): Video: info.presentationTimeUs: 561000
08-27 13:51:23.098 D/DecodeActivity(10478): Video: sleep ---------------------------
08-27 13:51:23.108 D/DecodeActivity(10478): Video: info.presentationTimeUs: 561000
08-27 13:51:23.108 D/DecodeActivity(10478): Video: sleep ---------------------------
08-27 13:51:23.118 D/DecodeActivity(10478): Video: inIndex = 1, buffer.position = 0
08-27 13:51:23.118 D/DecodeActivity(10478): Video: inIndex = 1, after: buffer.position = 0
08-27 13:51:23.118 D/DecodeActivity(10478): Video: sampleSize=30475
08-27 13:51:23.118 D/DecodeActivity(10478): Video: queueInputBuffer: extractor.getSampleTime() = 1684000
08-27 13:51:23.118 D/DecodeActivity(10478): Video: 0 0 0 1 41 9b 22 40
08-27 13:51:23.118 D/DecodeActivity(10478): Video: 77 c0 e2 7 10 56 2c 90
08-27 13:51:23.118 D/DecodeActivity(10478): Video: ===============================================
08-27 13:51:23.118 D/DecodeActivity(10478): Video: inIndex = 1, after: advance = 0
08-27 13:51:23.118 D/DecodeActivity(10478): Video: info.presentationTimeUs: 748000
08-27 13:51:23.118 D/DecodeActivity(10478): Video: sleep ---------------------------
08-27 13:51:23.128 D/DecodeActivity(10478): inIndex = 2, buffer.position = 0
08-27 13:51:23.128 D/DecodeActivity(10478): inIndex = 2, after: buffer.position = 0
08-27 13:51:23.128 D/DecodeActivity(10478): sampleSize=193
08-27 13:51:23.128 D/DecodeActivity(10478): queueInputBuffer: extractor.getSampleTime() = 603718
08-27 13:51:23.128 D/DecodeActivity(10478): Audio: 1 2e 99 fe cc 16 29 89
08-27 13:51:23.128 D/DecodeActivity(10478): Audio: 9 64 e2 1c 5d 64 1f ba
08-27 13:51:23.128 D/DecodeActivity(10478): Audio: +++++++++++++++++++++++++++++++++++++++++++++++
08-27 13:51:23.128 D/DecodeActivity(10478): inIndex = 2, after: advance = 0
08-27 13:51:23.128 D/DecodeActivity(10478): outputBuffers, buffer = java.nio.DirectByteBuffer[position=0,limit=24576,capacity=24576], outIndex = 3
08-27 13:51:23.128 D/DecodeActivity(10478): T:info.presentationTimeUs: 557278
08-27 13:51:23.128 D/DecodeActivity(10478): System.currentTimeMillis() - startMs: 614
08-27 13:51:23.128 D/DecodeActivity(10478): inIndex = 3, buffer.position = 0
08-27 13:51:23.128 D/DecodeActivity(10478): inIndex = 3, after: buffer.position = 0
08-27 13:51:23.128 D/DecodeActivity(10478): sampleSize=193
08-27 13:51:23.128 D/DecodeActivity(10478): queueInputBuffer: extractor.getSampleTime() = 626938
08-27 13:51:23.128 D/DecodeActivity(10478): Audio: 1 2e 99 fe 8c 16 29 c1
08-27 13:51:23.128 D/DecodeActivity(10478): Audio: 11 2a bb ba 71 75 41 d8
08-27 13:51:23.128 D/DecodeActivity(10478): Audio: +++++++++++++++++++++++++++++++++++++++++++++++
08-27 13:51:23.128 D/DecodeActivity(10478): inIndex = 3, after: advance = 0
08-27 13:51:23.128 D/DecodeActivity(10478): outputBuffers, buffer = java.nio.DirectByteBuffer[position=0,limit=24576,capacity=24576], outIndex = 0
08-27 13:51:23.128 D/DecodeActivity(10478): T:info.presentationTimeUs: 580498
08-27 13:51:23.128 D/DecodeActivity(10478): System.currentTimeMillis() - startMs: 618
08-27 13:51:23.128 D/DecodeActivity(10478): Video: info.presentationTimeUs: 748000
08-27 13:51:23.128 D/DecodeActivity(10478): Video: sleep ---------------------------
08-27 13:51:23.138 D/DecodeActivity(10478): Video: info.presentationTimeUs: 748000
08-27 13:51:23.138 D/DecodeActivity(10478): Video: sleep ---------------------------
08-27 13:51:23.148 D/DecodeActivity(10478): Video: info.presentationTimeUs: 748000
08-27 13:51:23.148 D/DecodeActivity(10478): Video: sleep ---------------------------
08-27 13:51:23.158 D/DecodeActivity(10478): Video: info.presentationTimeUs: 748000
08-27 13:51:23.158 D/DecodeActivity(10478): Video: sleep ---------------------------
08-27 13:51:23.168 D/DecodeActivity(10478): inIndex = 1, buffer.position = 0
08-27 13:51:23.168 D/DecodeActivity(10478): inIndex = 1, after: buffer.position = 0
08-27 13:51:23.168 D/DecodeActivity(10478): Video: info.presentationTimeUs: 748000
08-27 13:51:23.168 D/DecodeActivity(10478): Video: sleep ---------------------------
08-27 13:51:23.168 D/DecodeActivity(10478): sampleSize=189
08-27 13:51:23.168 D/DecodeActivity(10478): queueInputBuffer: extractor.getSampleTime() = 650158
08-27 13:51:23.178 D/DecodeActivity(10478): Audio: 1 30 99 fe cb 24 e0 88
08-27 13:51:23.178 D/DecodeActivity(10478): Audio: 95 6a 25 ea e7 30 6e 75
08-27 13:51:23.178 D/DecodeActivity(10478): Audio: +++++++++++++++++++++++++++++++++++++++++++++++
08-27 13:51:23.178 D/DecodeActivity(10478): inIndex = 1, after: advance = 0
08-27 13:51:23.178 D/DecodeActivity(10478): outputBuffers, buffer = java.nio.DirectByteBuffer[position=0,limit=24576,capacity=24576], outIndex = 1
08-27 13:51:23.178 D/DecodeActivity(10478): T:info.presentationTimeUs: 603718
08-27 13:51:23.178 D/DecodeActivity(10478): System.currentTimeMillis() - startMs: 663
08-27 13:51:23.178 D/DecodeActivity(10478): inIndex = 0, buffer.position = 0
08-27 13:51:23.178 D/DecodeActivity(10478): inIndex = 0, after: buffer.position = 0
08-27 13:51:23.178 D/DecodeActivity(10478): sampleSize=196
08-27 13:51:23.178 D/DecodeActivity(10478): queueInputBuffer: extractor.getSampleTime() = 673378
08-27 13:51:23.178 D/DecodeActivity(10478): Audio: 1 28 99 fe cc 14 2c 52
08-27 13:51:23.178 D/DecodeActivity(10478): Audio: 29 24 25 92 d2 ee dd e8
08-27 13:51:23.178 D/DecodeActivity(10478): Audio: +++++++++++++++++++++++++++++++++++++++++++++++
08-27 13:51:23.178 D/DecodeActivity(10478): inIndex = 0, after: advance = 0
08-27 13:51:23.178 D/DecodeActivity(10478): outputBuffers, buffer = java.nio.DirectByteBuffer[position=0,limit=24576,capacity=24576], outIndex = 2
08-27 13:51:23.178 D/DecodeActivity(10478): T:info.presentationTimeUs: 626938
08-27 13:51:23.178 D/DecodeActivity(10478): System.currentTimeMillis() - startMs: 665
08-27 13:51:23.188 D/DecodeActivity(10478): Video: info.presentationTimeUs: 748000
08-27 13:51:23.188 D/DecodeActivity(10478): Video: sleep ---------------------------
08-27 13:51:23.198 D/DecodeActivity(10478): Video: info.presentationTimeUs: 748000
08-27 13:51:23.198 D/DecodeActivity(10478): Video: sleep ---------------------------
08-27 13:51:23.208 D/DecodeActivity(10478): Video: info.presentationTimeUs: 748000
08-27 13:51:23.208 D/DecodeActivity(10478): Video: sleep ---------------------------
08-27 13:51:23.218 D/DecodeActivity(10478): Video: info.presentationTimeUs: 748000
08-27 13:51:23.218 D/DecodeActivity(10478): Video: sleep ---------------------------
08-27 13:51:23.218 D/DecodeActivity(10478): inIndex = 2, buffer.position = 0
08-27 13:51:23.218 D/DecodeActivity(10478): inIndex = 2, after: buffer.position = 0
08-27 13:51:23.218 D/DecodeActivity(10478): sampleSize=194
08-27 13:51:23.218 D/DecodeActivity(10478): queueInputBuffer: extractor.getSampleTime() = 696598
08-27 13:51:23.218 D/DecodeActivity(10478): Audio: 1 26 99 fe cc 16 49 49
08-27 13:51:23.218 D/DecodeActivity(10478): Audio: 9 52 4b ab b7 7a 1f 6b
08-27 13:51:23.218 D/DecodeActivity(10478): Audio: +++++++++++++++++++++++++++++++++++++++++++++++
08-27 13:51:23.218 D/DecodeActivity(10478): inIndex = 2, after: advance = 0
08-27 13:51:23.218 D/DecodeActivity(10478): outputBuffers, buffer = java.nio.DirectByteBuffer[position=0,limit=24576,capacity=24576], outIndex = 3
08-27 13:51:23.218 D/DecodeActivity(10478): T:info.presentationTimeUs: 650158
08-27 13:51:23.218 D/DecodeActivity(10478): System.currentTimeMillis() - startMs: 711
08-27 13:51:23.218 D/DecodeActivity(10478): inIndex = 3, buffer.position = 0
08-27 13:51:23.218 D/DecodeActivity(10478): inIndex = 3, after: buffer.position = 0
08-27 13:51:23.218 D/DecodeActivity(10478): sampleSize=190
08-27 13:51:23.228 D/DecodeActivity(10478): queueInputBuffer: extractor.getSampleTime() = 719818
08-27 13:51:23.228 D/DecodeActivity(10478): Video: info.presentationTimeUs: 748000
08-27 13:51:23.228 D/DecodeActivity(10478): Video: sleep ---------------------------
08-27 13:51:23.228 D/DecodeActivity(10478): Audio: 1 28 99 fe cc 16 29 89
